2026-08-18 02:45:45,879 - WARNING - ⚠️ CoinDCX API Secret not set in .env. Running Futures Agent in PAPER TRADING mode.
2026-08-18 02:45:45,879 - INFO - 🚀 Starting CoinDCX Futures Agent (10x Leverage)...
2026-08-18 02:45:46,084 - INFO - 📊 BTC/USDT:USDT @ $64,387.42 | 📈 RSI: 45.31 | Pos: NONE | Entry: $0.00 | PnL: +0.00% | Mode: PAPER
2026-08-18 02:48:38,579 - WARNING - ⚠️ CoinDCX API Secret not set in .env. Running Futures Agent in PAPER TRADING mode.
2026-08-18 02:48:38,579 - INFO - 🚀 Starting CoinDCX Futures Agent (10x Leverage)...
2026-08-18 02:48:38,786 - INFO - 📊 BTC/USDT:USDT @ $64,370.01 | 📈 RSI: 39.64 | Pos: NONE | Entry: $0.00 | PnL: +0.00% | Mode: PAPER
2026-08-18 02:48:38,787 - INFO - 🟢 OVERSOLD FUTURES SIGNAL: RSI 39.64 <= 40.0 -> Opening LONG (10x)
2026-08-18 02:48:38,787 - INFO - 🎮 PAPER FUTURES POSITION OPENED: LONG 0.001 BTC @ $64,370.01 (10x)
2026-08-18 02:48:38,788 - INFO - 📝 Futures Trade Logged: {'timestamp': '2026-08-18T02:48:38.787798', 'symbol': 'BTC/USDT:USDT', 'action': 'OPEN_LONG', 'amount': 0.001, 'price': 64370.01, 'leverage': 10, 'mode': 'PAPER', 'note': ''}
2026-08-18 02:48:49,000 - INFO - 📊 BTC/USDT:USDT @ $64,370.00 | 📈 RSI: 39.64 | Pos: LONG | Entry: $64,370.01 | PnL: -0.00% | Mode: PAPER
2026-08-18 02:48:59,246 - INFO - 📊 BTC/USDT:USDT @ $64,371.03 | 📈 RSI: 39.87 | Pos: LONG | Entry: $64,370.01 | PnL: +0.02% | Mode: PAPER
2026-08-18 02:49:09,498 - INFO - 📊 BTC/USDT:USDT @ $64,371.04 | 📈 RSI: 39.87 | Pos: LONG | Entry: $64,370.01 | PnL: +0.02% | Mode: PAPER
2026-08-18 02:49:19,709 - INFO - 📊 BTC/USDT:USDT @ $64,371.04 | 📈 RSI: 39.87 | Pos: LONG | Entry: $64,370.01 | PnL: +0.02% | Mode: PAPER
2026-08-18 02:49:29,978 - INFO - 📊 BTC/USDT:USDT @ $64,371.04 | 📈 RSI: 39.87 | Pos: LONG | Entry: $64,370.01 | PnL: +0.02% | Mode: PAPER
2026-08-18 02:49:40,213 - INFO - 📊 BTC/USDT:USDT @ $64,372.07 | 📈 RSI: 40.21 | Pos: LONG | Entry: $64,370.01 | PnL: +0.03% | Mode: PAPER
2026-08-18 02:49:50,421 - INFO - 📊 BTC/USDT:USDT @ $64,372.06 | 📈 RSI: 40.21 | Pos: LONG | Entry: $64,370.01 | PnL: +0.03% | Mode: PAPER
2026-08-18 02:50:00,736 - INFO - 📊 BTC/USDT:USDT @ $64,372.07 | 📈 RSI: 40.22 | Pos: LONG | Entry: $64,370.01 | PnL: +0.03% | Mode: PAPER
2026-08-18 02:50:10,940 - INFO - 📊 BTC/USDT:USDT @ $64,372.07 | 📈 RSI: 40.4 | Pos: LONG | Entry: $64,370.01 | PnL: +0.03% | Mode: PAPER
2026-08-18 02:50:21,141 - INFO - 📊 BTC/USDT:USDT @ $64,372.07 | 📈 RSI: 40.4 | Pos: LONG | Entry: $64,370.01 | PnL: +0.03% | Mode: PAPER
2026-08-18 02:50:31,442 - INFO - 📊 BTC/USDT:USDT @ $64,372.07 | 📈 RSI: 40.4 | Pos: LONG | Entry: $64,370.01 | PnL: +0.03% | Mode: PAPER
2026-08-18 02:50:41,614 - INFO - 📊 BTC/USDT:USDT @ $64,372.08 | 📈 RSI: 40.41 | Pos: LONG | Entry: $64,370.01 | PnL: +0.03% | Mode: PAPER
2026-08-18 02:50:51,833 - INFO - 📊 BTC/USDT:USDT @ $64,372.64 | 📈 RSI: 40.4 | Pos: LONG | Entry: $64,370.01 | PnL: +0.04% | Mode: PAPER
2026-08-18 02:51:02,085 - INFO - 📊 BTC/USDT:USDT @ $64,373.92 | 📈 RSI: 41.02 | Pos: LONG | Entry: $64,370.01 | PnL: +0.06% | Mode: PAPER
2026-08-18 02:51:12,367 - INFO - 📊 BTC/USDT:USDT @ $64,373.93 | 📈 RSI: 41.02 | Pos: LONG | Entry: $64,370.01 | PnL: +0.06% | Mode: PAPER
2026-08-18 02:51:22,545 - INFO - 📊 BTC/USDT:USDT @ $64,373.93 | 📈 RSI: 41.02 | Pos: LONG | Entry: $64,370.01 | PnL: +0.06% | Mode: PAPER
2026-08-18 02:51:32,795 - INFO - 📊 BTC/USDT:USDT @ $64,373.92 | 📈 RSI: 41.02 | Pos: LONG | Entry: $64,370.01 | PnL: +0.06% | Mode: PAPER
2026-08-18 02:51:42,979 - INFO - 📊 BTC/USDT:USDT @ $64,373.93 | 📈 RSI: 41.02 | Pos: LONG | Entry: $64,370.01 | PnL: +0.06% | Mode: PAPER
2026-08-18 02:51:53,209 - INFO - 📊 BTC/USDT:USDT @ $64,373.92 | 📈 RSI: 41.02 | Pos: LONG | Entry: $64,370.01 | PnL: +0.06% | Mode: PAPER
2026-08-18 02:52:03,491 - INFO - 📊 BTC/USDT:USDT @ $64,373.92 | 📈 RSI: 41.02 | Pos: LONG | Entry: $64,370.01 | PnL: +0.06% | Mode: PAPER
2026-08-18 02:52:13,691 - INFO - 📊 BTC/USDT:USDT @ $64,373.92 | 📈 RSI: 41.02 | Pos: LONG | Entry: $64,370.01 | PnL: +0.06% | Mode: PAPER
2026-08-18 02:52:23,865 - INFO - 📊 BTC/USDT:USDT @ $64,373.92 | 📈 RSI: 41.02 | Pos: LONG | Entry: $64,370.01 | PnL: +0.06% | Mode: PAPER
2026-08-18 02:52:34,064 - INFO - 📊 BTC/USDT:USDT @ $64,373.92 | 📈 RSI: 41.02 | Pos: LONG | Entry: $64,370.01 | PnL: +0.06% | Mode: PAPER
2026-08-18 02:52:44,298 - INFO - 📊 BTC/USDT:USDT @ $64,373.93 | 📈 RSI: 41.02 | Pos: LONG | Entry: $64,370.01 | PnL: +0.06% | Mode: PAPER
2026-08-18 02:52:54,609 - INFO - 📊 BTC/USDT:USDT @ $64,373.92 | 📈 RSI: 41.02 | Pos: LONG | Entry: $64,370.01 | PnL: +0.06% | Mode: PAPER
2026-08-18 02:53:04,793 - INFO - 📊 BTC/USDT:USDT @ $64,373.93 | 📈 RSI: 31.05 | Pos: LONG | Entry: $64,370.01 | PnL: +0.06% | Mode: PAPER
2026-08-18 02:53:14,991 - INFO - 📊 BTC/USDT:USDT @ $64,373.92 | 📈 RSI: 31.05 | Pos: LONG | Entry: $64,370.01 | PnL: +0.06% | Mode: PAPER
2026-08-18 02:53:25,191 - INFO - 📊 BTC/USDT:USDT @ $64,370.01 | 📈 RSI: 30.27 | Pos: LONG | Entry: $64,370.01 | PnL: +0.00% | Mode: PAPER
2026-08-18 02:53:35,383 - INFO - 📊 BTC/USDT:USDT @ $64,356.35 | 📈 RSI: 27.85 | Pos: LONG | Entry: $64,370.01 | PnL: -0.21% | Mode: PAPER
2026-08-18 02:53:45,645 - INFO - 📊 BTC/USDT:USDT @ $64,356.34 | 📈 RSI: 27.85 | Pos: LONG | Entry: $64,370.01 | PnL: -0.21% | Mode: PAPER
2026-08-18 02:53:55,794 - INFO - 📊 BTC/USDT:USDT @ $64,352.60 | 📈 RSI: 27.25 | Pos: LONG | Entry: $64,370.01 | PnL: -0.27% | Mode: PAPER
2026-08-18 02:54:05,949 - INFO - 📊 BTC/USDT:USDT @ $64,352.01 | 📈 RSI: 27.38 | Pos: LONG | Entry: $64,370.01 | PnL: -0.28% | Mode: PAPER
2026-08-18 02:54:16,208 - INFO - 📊 BTC/USDT:USDT @ $64,344.00 | 📈 RSI: 26.17 | Pos: LONG | Entry: $64,370.01 | PnL: -0.40% | Mode: PAPER
2026-08-18 02:54:26,381 - INFO - 📊 BTC/USDT:USDT @ $64,344.01 | 📈 RSI: 26.17 | Pos: LONG | Entry: $64,370.01 | PnL: -0.40% | Mode: PAPER
2026-08-18 02:54:36,618 - INFO - 📊 BTC/USDT:USDT @ $64,340.01 | 📈 RSI: 26.17 | Pos: LONG | Entry: $64,370.01 | PnL: -0.47% | Mode: PAPER
2026-08-18 02:54:46,847 - INFO - 📊 BTC/USDT:USDT @ $64,340.01 | 📈 RSI: 25.61 | Pos: LONG | Entry: $64,370.01 | PnL: -0.47% | Mode: PAPER
2026-08-18 02:54:57,001 - INFO - 📊 BTC/USDT:USDT @ $64,340.01 | 📈 RSI: 25.61 | Pos: LONG | Entry: $64,370.01 | PnL: -0.47% | Mode: PAPER
2026-08-18 02:55:07,199 - INFO - 📊 BTC/USDT:USDT @ $64,336.01 | 📈 RSI: 26.51 | Pos: LONG | Entry: $64,370.01 | PnL: -0.53% | Mode: PAPER
2026-08-18 02:55:17,509 - INFO - 📊 BTC/USDT:USDT @ $64,336.00 | 📈 RSI: 26.51 | Pos: LONG | Entry: $64,370.01 | PnL: -0.53% | Mode: PAPER
2026-08-18 02:55:27,736 - INFO - 📊 BTC/USDT:USDT @ $64,336.01 | 📈 RSI: 26.51 | Pos: LONG | Entry: $64,370.01 | PnL: -0.53% | Mode: PAPER
2026-08-18 02:55:37,940 - INFO - 📊 BTC/USDT:USDT @ $64,334.01 | 📈 RSI: 26.22 | Pos: LONG | Entry: $64,370.01 | PnL: -0.56% | Mode: PAPER
2026-08-18 02:55:48,219 - INFO - 📊 BTC/USDT:USDT @ $64,332.00 | 📈 RSI: 25.94 | Pos: LONG | Entry: $64,370.01 | PnL: -0.59% | Mode: PAPER
2026-08-18 02:55:58,443 - INFO - 📊 BTC/USDT:USDT @ $64,328.24 | 📈 RSI: 25.41 | Pos: LONG | Entry: $64,370.01 | PnL: -0.65% | Mode: PAPER
2026-08-18 02:56:08,627 - INFO - 📊 BTC/USDT:USDT @ $64,328.24 | 📈 RSI: 28.31 | Pos: LONG | Entry: $64,370.01 | PnL: -0.65% | Mode: PAPER
2026-08-18 02:56:18,891 - INFO - 📊 BTC/USDT:USDT @ $64,332.88 | 📈 RSI: 30.24 | Pos: LONG | Entry: $64,370.01 | PnL: -0.58% | Mode: PAPER
2026-08-18 02:56:29,125 - INFO - 📊 BTC/USDT:USDT @ $64,332.87 | 📈 RSI: 30.23 | Pos: LONG | Entry: $64,370.01 | PnL: -0.58% | Mode: PAPER
2026-08-18 02:56:39,341 - INFO - 📊 BTC/USDT:USDT @ $64,332.88 | 📈 RSI: 30.23 | Pos: LONG | Entry: $64,370.01 | PnL: -0.58% | Mode: PAPER
2026-08-18 02:56:49,591 - INFO - 📊 BTC/USDT:USDT @ $64,332.36 | 📈 RSI: 30.03 | Pos: LONG | Entry: $64,370.01 | PnL: -0.58% | Mode: PAPER
2026-08-18 02:56:59,790 - INFO - 📊 BTC/USDT:USDT @ $64,332.37 | 📈 RSI: 30.03 | Pos: LONG | Entry: $64,370.01 | PnL: -0.58% | Mode: PAPER
2026-08-18 02:57:09,986 - INFO - 📊 BTC/USDT:USDT @ $64,332.37 | 📈 RSI: 38.07 | Pos: LONG | Entry: $64,370.01 | PnL: -0.58% | Mode: PAPER
2026-08-18 02:57:20,229 - INFO - 📊 BTC/USDT:USDT @ $64,332.37 | 📈 RSI: 38.08 | Pos: LONG | Entry: $64,370.01 | PnL: -0.58% | Mode: PAPER
2026-08-18 02:57:30,416 - INFO - 📊 BTC/USDT:USDT @ $64,332.36 | 📈 RSI: 38.07 | Pos: LONG | Entry: $64,370.01 | PnL: -0.58% | Mode: PAPER
2026-08-18 02:57:40,611 - INFO - 📊 BTC/USDT:USDT @ $64,332.37 | 📈 RSI: 38.07 | Pos: LONG | Entry: $64,370.01 | PnL: -0.58% | Mode: PAPER
2026-08-18 02:57:50,824 - INFO - 📊 BTC/USDT:USDT @ $64,332.37 | 📈 RSI: 38.08 | Pos: LONG | Entry: $64,370.01 | PnL: -0.58% | Mode: PAPER
2026-08-18 02:58:01,007 - INFO - 📊 BTC/USDT:USDT @ $64,332.36 | 📈 RSI: 38.07 | Pos: LONG | Entry: $64,370.01 | PnL: -0.58% | Mode: PAPER
2026-08-18 02:58:11,223 - INFO - 📊 BTC/USDT:USDT @ $64,332.36 | 📈 RSI: 34.0 | Pos: LONG | Entry: $64,370.01 | PnL: -0.58% | Mode: PAPER
2026-08-18 02:58:21,524 - INFO - 📊 BTC/USDT:USDT @ $64,332.37 | 📈 RSI: 34.0 | Pos: LONG | Entry: $64,370.01 | PnL: -0.58% | Mode: PAPER
2026-08-18 02:58:31,704 - INFO - 📊 BTC/USDT:USDT @ $64,332.36 | 📈 RSI: 34.0 | Pos: LONG | Entry: $64,370.01 | PnL: -0.58% | Mode: PAPER
2026-08-18 02:58:41,904 - INFO - 📊 BTC/USDT:USDT @ $64,332.36 | 📈 RSI: 34.0 | Pos: LONG | Entry: $64,370.01 | PnL: -0.58% | Mode: PAPER
2026-08-18 02:58:52,131 - INFO - 📊 BTC/USDT:USDT @ $64,332.36 | 📈 RSI: 34.0 | Pos: LONG | Entry: $64,370.01 | PnL: -0.58% | Mode: PAPER
2026-08-18 02:59:02,314 - INFO - 📊 BTC/USDT:USDT @ $64,332.37 | 📈 RSI: 34.0 | Pos: LONG | Entry: $64,370.01 | PnL: -0.58% | Mode: PAPER
2026-08-18 02:59:12,559 - INFO - 📊 BTC/USDT:USDT @ $64,332.36 | 📈 RSI: 22.84 | Pos: LONG | Entry: $64,370.01 | PnL: -0.58% | Mode: PAPER
2026-08-18 02:59:22,832 - INFO - 📊 BTC/USDT:USDT @ $64,332.37 | 📈 RSI: 22.84 | Pos: LONG | Entry: $64,370.01 | PnL: -0.58% | Mode: PAPER
2026-08-18 02:59:33,009 - INFO - 📊 BTC/USDT:USDT @ $64,332.36 | 📈 RSI: 22.84 | Pos: LONG | Entry: $64,370.01 | PnL: -0.58% | Mode: PAPER
2026-08-18 02:59:43,176 - INFO - 📊 BTC/USDT:USDT @ $64,331.75 | 📈 RSI: 22.71 | Pos: LONG | Entry: $64,370.01 | PnL: -0.59% | Mode: PAPER
2026-08-18 02:59:53,432 - INFO - 📊 BTC/USDT:USDT @ $64,329.18 | 📈 RSI: 22.19 | Pos: LONG | Entry: $64,370.01 | PnL: -0.63% | Mode: PAPER
2026-08-18 03:00:03,661 - INFO - 📊 BTC/USDT:USDT @ $64,329.18 | 📈 RSI: 7.44 | Pos: LONG | Entry: $64,370.01 | PnL: -0.63% | Mode: PAPER
2026-08-18 03:00:13,845 - INFO - 📊 BTC/USDT:USDT @ $64,329.19 | 📈 RSI: 7.44 | Pos: LONG | Entry: $64,370.01 | PnL: -0.63% | Mode: PAPER
2026-08-18 03:00:24,071 - INFO - 📊 BTC/USDT:USDT @ $64,329.18 | 📈 RSI: 7.45 | Pos: LONG | Entry: $64,370.01 | PnL: -0.63% | Mode: PAPER
2026-08-18 03:00:34,235 - INFO - 📊 BTC/USDT:USDT @ $64,329.19 | 📈 RSI: 7.45 | Pos: LONG | Entry: $64,370.01 | PnL: -0.63% | Mode: PAPER
2026-08-18 03:00:44,465 - INFO - 📊 BTC/USDT:USDT @ $64,332.35 | 📈 RSI: 10.45 | Pos: LONG | Entry: $64,370.01 | PnL: -0.59% | Mode: PAPER
2026-08-18 03:00:54,699 - INFO - 📊 BTC/USDT:USDT @ $64,345.15 | 📈 RSI: 20.85 | Pos: LONG | Entry: $64,370.01 | PnL: -0.39% | Mode: PAPER
2026-08-18 03:01:04,896 - INFO - 📊 BTC/USDT:USDT @ $64,344.25 | 📈 RSI: 28.44 | Pos: LONG | Entry: $64,370.01 | PnL: -0.40% | Mode: PAPER
2026-08-18 03:01:15,064 - INFO - 📊 BTC/USDT:USDT @ $64,342.16 | 📈 RSI: 27.66 | Pos: LONG | Entry: $64,370.01 | PnL: -0.43% | Mode: PAPER
2026-08-18 03:01:25,308 - INFO - 📊 BTC/USDT:USDT @ $64,336.00 | 📈 RSI: 25.75 | Pos: LONG | Entry: $64,370.01 | PnL: -0.53% | Mode: PAPER
2026-08-18 03:01:35,501 - INFO - 📊 BTC/USDT:USDT @ $64,336.12 | 📈 RSI: 25.78 | Pos: LONG | Entry: $64,370.01 | PnL: -0.53% | Mode: PAPER
2026-08-18 03:01:45,726 - INFO - 📊 BTC/USDT:USDT @ $64,336.12 | 📈 RSI: 25.78 | Pos: LONG | Entry: $64,370.01 | PnL: -0.53% | Mode: PAPER
2026-08-18 03:01:55,967 - INFO - 📊 BTC/USDT:USDT @ $64,336.12 | 📈 RSI: 25.78 | Pos: LONG | Entry: $64,370.01 | PnL: -0.53% | Mode: PAPER
2026-08-18 03:02:06,166 - INFO - 📊 BTC/USDT:USDT @ $64,336.13 | 📈 RSI: 28.42 | Pos: LONG | Entry: $64,370.01 | PnL: -0.53% | Mode: PAPER
2026-08-18 03:02:16,354 - INFO - 📊 BTC/USDT:USDT @ $64,337.16 | 📈 RSI: 29.32 | Pos: LONG | Entry: $64,370.01 | PnL: -0.51% | Mode: PAPER
2026-08-18 03:02:26,567 - INFO - 📊 BTC/USDT:USDT @ $64,337.15 | 📈 RSI: 29.32 | Pos: LONG | Entry: $64,370.01 | PnL: -0.51% | Mode: PAPER
2026-08-18 03:02:36,780 - INFO - 📊 BTC/USDT:USDT @ $64,337.15 | 📈 RSI: 29.32 | Pos: LONG | Entry: $64,370.01 | PnL: -0.51% | Mode: PAPER
2026-08-18 03:02:46,953 - INFO - 📊 BTC/USDT:USDT @ $64,337.17 | 📈 RSI: 29.32 | Pos: LONG | Entry: $64,370.01 | PnL: -0.51% | Mode: PAPER
2026-08-18 03:02:57,195 - INFO - 📊 BTC/USDT:USDT @ $64,337.17 | 📈 RSI: 29.33 | Pos: LONG | Entry: $64,370.01 | PnL: -0.51% | Mode: PAPER
2026-08-18 03:03:07,361 - INFO - 📊 BTC/USDT:USDT @ $64,342.19 | 📈 RSI: 32.61 | Pos: LONG | Entry: $64,370.01 | PnL: -0.43% | Mode: PAPER
2026-08-18 03:03:17,566 - INFO - 📊 BTC/USDT:USDT @ $64,342.19 | 📈 RSI: 32.62 | Pos: LONG | Entry: $64,370.01 | PnL: -0.43% | Mode: PAPER
2026-08-18 03:03:27,814 - INFO - 📊 BTC/USDT:USDT @ $64,342.20 | 📈 RSI: 32.62 | Pos: LONG | Entry: $64,370.01 | PnL: -0.43% | Mode: PAPER
2026-08-18 03:03:37,984 - INFO - 📊 BTC/USDT:USDT @ $64,342.20 | 📈 RSI: 32.62 | Pos: LONG | Entry: $64,370.01 | PnL: -0.43% | Mode: PAPER
2026-08-18 03:03:48,149 - INFO - 📊 BTC/USDT:USDT @ $64,342.19 | 📈 RSI: 32.61 | Pos: LONG | Entry: $64,370.01 | PnL: -0.43% | Mode: PAPER
2026-08-18 03:03:58,385 - INFO - 📊 BTC/USDT:USDT @ $64,342.20 | 📈 RSI: 32.62 | Pos: LONG | Entry: $64,370.01 | PnL: -0.43% | Mode: PAPER
2026-08-18 03:04:08,568 - INFO - 📊 BTC/USDT:USDT @ $64,342.19 | 📈 RSI: 31.13 | Pos: LONG | Entry: $64,370.01 | PnL: -0.43% | Mode: PAPER
2026-08-18 03:04:18,791 - INFO - 📊 BTC/USDT:USDT @ $64,342.20 | 📈 RSI: 31.13 | Pos: LONG | Entry: $64,370.01 | PnL: -0.43% | Mode: PAPER
2026-08-18 03:04:29,060 - INFO - 📊 BTC/USDT:USDT @ $64,342.20 | 📈 RSI: 31.13 | Pos: LONG | Entry: $64,370.01 | PnL: -0.43% | Mode: PAPER
2026-08-18 03:04:39,266 - INFO - 📊 BTC/USDT:USDT @ $64,342.20 | 📈 RSI: 31.13 | Pos: LONG | Entry: $64,370.01 | PnL: -0.43% | Mode: PAPER
2026-08-18 03:04:49,453 - INFO - 📊 BTC/USDT:USDT @ $64,342.19 | 📈 RSI: 31.13 | Pos: LONG | Entry: $64,370.01 | PnL: -0.43% | Mode: PAPER
2026-08-18 03:04:59,769 - INFO - 📊 BTC/USDT:USDT @ $64,342.19 | 📈 RSI: 31.13 | Pos: LONG | Entry: $64,370.01 | PnL: -0.43% | Mode: PAPER
2026-08-18 03:05:09,948 - INFO - 📊 BTC/USDT:USDT @ $64,342.20 | 📈 RSI: 31.14 | Pos: LONG | Entry: $64,370.01 | PnL: -0.43% | Mode: PAPER
2026-08-18 03:05:20,120 - INFO - 📊 BTC/USDT:USDT @ $64,342.19 | 📈 RSI: 31.13 | Pos: LONG | Entry: $64,370.01 | PnL: -0.43% | Mode: PAPER
2026-08-18 03:05:30,371 - INFO - 📊 BTC/USDT:USDT @ $64,342.19 | 📈 RSI: 31.13 | Pos: LONG | Entry: $64,370.01 | PnL: -0.43% | Mode: PAPER
2026-08-18 03:05:40,563 - INFO - 📊 BTC/USDT:USDT @ $64,342.19 | 📈 RSI: 31.13 | Pos: LONG | Entry: $64,370.01 | PnL: -0.43% | Mode: PAPER
2026-08-18 03:05:50,732 - INFO - 📊 BTC/USDT:USDT @ $64,342.19 | 📈 RSI: 31.13 | Pos: LONG | Entry: $64,370.01 | PnL: -0.43% | Mode: PAPER
2026-08-18 03:06:00,951 - INFO - 📊 BTC/USDT:USDT @ $64,342.19 | 📈 RSI: 31.13 | Pos: LONG | Entry: $64,370.01 | PnL: -0.43% | Mode: PAPER
2026-08-18 03:06:11,187 - INFO - 📊 BTC/USDT:USDT @ $64,316.00 | 📈 RSI: 24.14 | Pos: LONG | Entry: $64,370.01 | PnL: -0.84% | Mode: PAPER
2026-08-18 03:06:21,428 - INFO - 📊 BTC/USDT:USDT @ $64,302.64 | 📈 RSI: 21.17 | Pos: LONG | Entry: $64,370.01 | PnL: -1.05% | Mode: PAPER
2026-08-18 03:06:31,602 - INFO - 📊 BTC/USDT:USDT @ $64,297.16 | 📈 RSI: 20.27 | Pos: LONG | Entry: $64,370.01 | PnL: -1.13% | Mode: PAPER
2026-08-18 03:06:41,792 - INFO - 📊 BTC/USDT:USDT @ $64,308.79 | 📈 RSI: 22.28 | Pos: LONG | Entry: $64,370.01 | PnL: -0.95% | Mode: PAPER
2026-08-18 03:06:52,020 - INFO - 📊 BTC/USDT:USDT @ $64,308.80 | 📈 RSI: 22.28 | Pos: LONG | Entry: $64,370.01 | PnL: -0.95% | Mode: PAPER
2026-08-18 03:07:02,183 - INFO - 📊 BTC/USDT:USDT @ $64,308.80 | 📈 RSI: 22.28 | Pos: LONG | Entry: $64,370.01 | PnL: -0.95% | Mode: PAPER
2026-08-18 03:07:12,411 - INFO - 📊 BTC/USDT:USDT @ $64,308.79 | 📈 RSI: 27.22 | Pos: LONG | Entry: $64,370.01 | PnL: -0.95% | Mode: PAPER
2026-08-18 03:07:22,654 - INFO - 📊 BTC/USDT:USDT @ $64,308.79 | 📈 RSI: 27.22 | Pos: LONG | Entry: $64,370.01 | PnL: -0.95% | Mode: PAPER
2026-08-18 03:07:32,896 - INFO - 📊 BTC/USDT:USDT @ $64,317.28 | 📈 RSI: 33.17 | Pos: LONG | Entry: $64,370.01 | PnL: -0.82% | Mode: PAPER
2026-08-18 03:07:43,106 - INFO - 📊 BTC/USDT:USDT @ $64,317.35 | 📈 RSI: 33.16 | Pos: LONG | Entry: $64,370.01 | PnL: -0.82% | Mode: PAPER
2026-08-18 03:07:53,341 - INFO - 📊 BTC/USDT:USDT @ $64,327.99 | 📈 RSI: 39.33 | Pos: LONG | Entry: $64,370.01 | PnL: -0.65% | Mode: PAPER
2026-08-18 03:08:03,573 - INFO - 📊 BTC/USDT:USDT @ $64,327.32 | 📈 RSI: 43.87 | Pos: LONG | Entry: $64,370.01 | PnL: -0.66% | Mode: PAPER
2026-08-18 03:08:13,792 - INFO - 📊 BTC/USDT:USDT @ $64,327.31 | 📈 RSI: 43.87 | Pos: LONG | Entry: $64,370.01 | PnL: -0.66% | Mode: PAPER
2026-08-18 03:08:24,013 - INFO - 📊 BTC/USDT:USDT @ $64,332.52 | 📈 RSI: 46.51 | Pos: LONG | Entry: $64,370.01 | PnL: -0.58% | Mode: PAPER
2026-08-18 03:08:34,192 - INFO - 📊 BTC/USDT:USDT @ $64,335.21 | 📈 RSI: 47.83 | Pos: LONG | Entry: $64,370.01 | PnL: -0.54% | Mode: PAPER
2026-08-18 03:08:44,386 - INFO - 📊 BTC/USDT:USDT @ $64,334.59 | 📈 RSI: 47.83 | Pos: LONG | Entry: $64,370.01 | PnL: -0.55% | Mode: PAPER
2026-08-18 03:08:54,660 - INFO - 📊 BTC/USDT:USDT @ $64,334.58 | 📈 RSI: 47.52 | Pos: LONG | Entry: $64,370.01 | PnL: -0.55% | Mode: PAPER
2026-08-18 03:09:04,901 - INFO - 📊 BTC/USDT:USDT @ $64,334.58 | 📈 RSI: 53.25 | Pos: LONG | Entry: $64,370.01 | PnL: -0.55% | Mode: PAPER
2026-08-18 03:09:15,140 - INFO - 📊 BTC/USDT:USDT @ $64,334.58 | 📈 RSI: 53.25 | Pos: LONG | Entry: $64,370.01 | PnL: -0.55% | Mode: PAPER
2026-08-18 03:09:25,377 - INFO - 📊 BTC/USDT:USDT @ $64,334.58 | 📈 RSI: 53.24 | Pos: LONG | Entry: $64,370.01 | PnL: -0.55% | Mode: PAPER
2026-08-18 03:09:35,589 - INFO - 📊 BTC/USDT:USDT @ $64,334.59 | 📈 RSI: 53.25 | Pos: LONG | Entry: $64,370.01 | PnL: -0.55% | Mode: PAPER
2026-08-18 03:09:45,800 - INFO - 📊 BTC/USDT:USDT @ $64,334.58 | 📈 RSI: 53.24 | Pos: LONG | Entry: $64,370.01 | PnL: -0.55% | Mode: PAPER
2026-08-18 03:09:56,084 - INFO - 📊 BTC/USDT:USDT @ $64,334.59 | 📈 RSI: 53.25 | Pos: LONG | Entry: $64,370.01 | PnL: -0.55% | Mode: PAPER
2026-08-18 03:10:06,261 - INFO - 📊 BTC/USDT:USDT @ $64,326.00 | 📈 RSI: 46.89 | Pos: LONG | Entry: $64,370.01 | PnL: -0.68% | Mode: PAPER
2026-08-18 03:10:16,457 - INFO - 📊 BTC/USDT:USDT @ $64,321.18 | 📈 RSI: 44.77 | Pos: LONG | Entry: $64,370.01 | PnL: -0.76% | Mode: PAPER
2026-08-18 03:10:26,659 - INFO - 📊 BTC/USDT:USDT @ $64,321.18 | 📈 RSI: 44.77 | Pos: LONG | Entry: $64,370.01 | PnL: -0.76% | Mode: PAPER
2026-08-18 03:10:36,823 - INFO - 📊 BTC/USDT:USDT @ $64,325.71 | 📈 RSI: 46.75 | Pos: LONG | Entry: $64,370.01 | PnL: -0.69% | Mode: PAPER
2026-08-18 03:10:47,030 - INFO - 📊 BTC/USDT:USDT @ $64,325.70 | 📈 RSI: 46.75 | Pos: LONG | Entry: $64,370.01 | PnL: -0.69% | Mode: PAPER
2026-08-18 03:10:57,283 - INFO - 📊 BTC/USDT:USDT @ $64,333.15 | 📈 RSI: 50.42 | Pos: LONG | Entry: $64,370.01 | PnL: -0.57% | Mode: PAPER
2026-08-18 03:11:07,517 - INFO - 📊 BTC/USDT:USDT @ $64,334.59 | 📈 RSI: 51.16 | Pos: LONG | Entry: $64,370.01 | PnL: -0.55% | Mode: PAPER
2026-08-18 03:11:17,771 - INFO - 📊 BTC/USDT:USDT @ $64,336.51 | 📈 RSI: 52.11 | Pos: LONG | Entry: $64,370.01 | PnL: -0.52% | Mode: PAPER
2026-08-18 03:11:27,939 - INFO - 📊 BTC/USDT:USDT @ $64,336.50 | 📈 RSI: 52.11 | Pos: LONG | Entry: $64,370.01 | PnL: -0.52% | Mode: PAPER
2026-08-18 03:11:38,121 - INFO - 📊 BTC/USDT:USDT @ $64,336.50 | 📈 RSI: 52.11 | Pos: LONG | Entry: $64,370.01 | PnL: -0.52% | Mode: PAPER
2026-08-18 03:11:48,373 - INFO - 📊 BTC/USDT:USDT @ $64,336.51 | 📈 RSI: 52.11 | Pos: LONG | Entry: $64,370.01 | PnL: -0.52% | Mode: PAPER
2026-08-18 03:11:58,537 - INFO - 📊 BTC/USDT:USDT @ $64,336.50 | 📈 RSI: 52.11 | Pos: LONG | Entry: $64,370.01 | PnL: -0.52% | Mode: PAPER
2026-08-18 03:12:08,753 - INFO - 📊 BTC/USDT:USDT @ $64,341.99 | 📈 RSI: 52.11 | Pos: LONG | Entry: $64,370.01 | PnL: -0.44% | Mode: PAPER
2026-08-18 03:12:19,013 - INFO - 📊 BTC/USDT:USDT @ $64,342.00 | 📈 RSI: 54.64 | Pos: LONG | Entry: $64,370.01 | PnL: -0.44% | Mode: PAPER
2026-08-18 03:12:29,178 - INFO - 📊 BTC/USDT:USDT @ $64,341.99 | 📈 RSI: 54.64 | Pos: LONG | Entry: $64,370.01 | PnL: -0.44% | Mode: PAPER
2026-08-18 03:12:39,355 - INFO - 📊 BTC/USDT:USDT @ $64,342.00 | 📈 RSI: 54.64 | Pos: LONG | Entry: $64,370.01 | PnL: -0.44% | Mode: PAPER
2026-08-18 03:12:49,607 - INFO - 📊 BTC/USDT:USDT @ $64,342.00 | 📈 RSI: 54.64 | Pos: LONG | Entry: $64,370.01 | PnL: -0.44% | Mode: PAPER
2026-08-18 03:12:59,812 - INFO - 📊 BTC/USDT:USDT @ $64,342.00 | 📈 RSI: 54.64 | Pos: LONG | Entry: $64,370.01 | PnL: -0.44% | Mode: PAPER
2026-08-18 03:13:09,989 - INFO - 📊 BTC/USDT:USDT @ $64,342.00 | 📈 RSI: 56.37 | Pos: LONG | Entry: $64,370.01 | PnL: -0.44% | Mode: PAPER
2026-08-18 03:13:20,234 - INFO - 📊 BTC/USDT:USDT @ $64,342.00 | 📈 RSI: 56.37 | Pos: LONG | Entry: $64,370.01 | PnL: -0.44% | Mode: PAPER
2026-08-18 03:13:30,429 - INFO - 📊 BTC/USDT:USDT @ $64,348.66 | 📈 RSI: 59.08 | Pos: LONG | Entry: $64,370.01 | PnL: -0.33% | Mode: PAPER
2026-08-18 03:13:40,644 - INFO - 📊 BTC/USDT:USDT @ $64,354.30 | 📈 RSI: 61.13 | Pos: LONG | Entry: $64,370.01 | PnL: -0.24% | Mode: PAPER
2026-08-18 03:13:50,862 - INFO - 📊 BTC/USDT:USDT @ $64,370.00 | 📈 RSI: 65.88 | Pos: LONG | Entry: $64,370.01 | PnL: -0.00% | Mode: PAPER
2026-08-18 03:14:01,023 - INFO - 📊 BTC/USDT:USDT @ $64,371.99 | 📈 RSI: 66.4 | Pos: LONG | Entry: $64,370.01 | PnL: +0.03% | Mode: PAPER
2026-08-18 03:14:11,211 - INFO - 📊 BTC/USDT:USDT @ $64,355.09 | 📈 RSI: 60.09 | Pos: LONG | Entry: $64,370.01 | PnL: -0.23% | Mode: PAPER
2026-08-18 03:14:21,436 - INFO - 📊 BTC/USDT:USDT @ $64,346.28 | 📈 RSI: 50.4 | Pos: LONG | Entry: $64,370.01 | PnL: -0.37% | Mode: PAPER
2026-08-18 03:14:31,623 - INFO - 📊 BTC/USDT:USDT @ $64,340.79 | 📈 RSI: 48.91 | Pos: LONG | Entry: $64,370.01 | PnL: -0.45% | Mode: PAPER
2026-08-18 03:14:41,793 - INFO - 📊 BTC/USDT:USDT @ $64,339.76 | 📈 RSI: 48.16 | Pos: LONG | Entry: $64,370.01 | PnL: -0.47% | Mode: PAPER
2026-08-18 03:14:52,080 - INFO - 📊 BTC/USDT:USDT @ $64,338.00 | 📈 RSI: 47.59 | Pos: LONG | Entry: $64,370.01 | PnL: -0.50% | Mode: PAPER
2026-08-18 03:15:02,299 - INFO - 📊 BTC/USDT:USDT @ $64,338.01 | 📈 RSI: 47.59 | Pos: LONG | Entry: $64,370.01 | PnL: -0.50% | Mode: PAPER
2026-08-18 03:15:12,517 - INFO - 📊 BTC/USDT:USDT @ $64,338.00 | 📈 RSI: 50.68 | Pos: LONG | Entry: $64,370.01 | PnL: -0.50% | Mode: PAPER
2026-08-18 03:15:22,752 - INFO - 📊 BTC/USDT:USDT @ $64,338.00 | 📈 RSI: 50.68 | Pos: LONG | Entry: $64,370.01 | PnL: -0.50% | Mode: PAPER
2026-08-18 03:15:32,931 - INFO - 📊 BTC/USDT:USDT @ $64,338.00 | 📈 RSI: 50.67 | Pos: LONG | Entry: $64,370.01 | PnL: -0.50% | Mode: PAPER
2026-08-18 03:15:43,136 - INFO - 📊 BTC/USDT:USDT @ $64,338.00 | 📈 RSI: 50.68 | Pos: LONG | Entry: $64,370.01 | PnL: -0.50% | Mode: PAPER
2026-08-18 03:15:53,372 - INFO - 📊 BTC/USDT:USDT @ $64,338.00 | 📈 RSI: 50.67 | Pos: LONG | Entry: $64,370.01 | PnL: -0.50% | Mode: PAPER
2026-08-18 03:16:03,605 - INFO - 📊 BTC/USDT:USDT @ $64,338.00 | 📈 RSI: 50.3 | Pos: LONG | Entry: $64,370.01 | PnL: -0.50% | Mode: PAPER
2026-08-18 03:16:13,798 - INFO - 📊 BTC/USDT:USDT @ $64,338.00 | 📈 RSI: 50.3 | Pos: LONG | Entry: $64,370.01 | PnL: -0.50% | Mode: PAPER
2026-08-18 03:16:24,019 - INFO - 📊 BTC/USDT:USDT @ $64,338.00 | 📈 RSI: 50.3 | Pos: LONG | Entry: $64,370.01 | PnL: -0.50% | Mode: PAPER
2026-08-18 03:16:34,268 - INFO - 📊 BTC/USDT:USDT @ $64,375.36 | 📈 RSI: 60.86 | Pos: LONG | Entry: $64,370.01 | PnL: +0.08% | Mode: PAPER
2026-08-18 03:16:44,454 - INFO - 📊 BTC/USDT:USDT @ $64,387.99 | 📈 RSI: 61.71 | Pos: LONG | Entry: $64,370.01 | PnL: +0.28% | Mode: PAPER
2026-08-18 03:16:54,735 - INFO - 📊 BTC/USDT:USDT @ $64,379.29 | 📈 RSI: 61.72 | Pos: LONG | Entry: $64,370.01 | PnL: +0.14% | Mode: PAPER
2026-08-18 03:17:04,945 - INFO - 📊 BTC/USDT:USDT @ $64,379.29 | 📈 RSI: 60.61 | Pos: LONG | Entry: $64,370.01 | PnL: +0.14% | Mode: PAPER
2026-08-18 03:17:15,179 - INFO - 📊 BTC/USDT:USDT @ $64,379.30 | 📈 RSI: 60.61 | Pos: LONG | Entry: $64,370.01 | PnL: +0.14% | Mode: PAPER
2026-08-18 03:17:25,418 - INFO - 📊 BTC/USDT:USDT @ $64,372.00 | 📈 RSI: 58.18 | Pos: LONG | Entry: $64,370.01 | PnL: +0.03% | Mode: PAPER
2026-08-18 03:17:35,663 - INFO - 📊 BTC/USDT:USDT @ $64,371.46 | 📈 RSI: 58.01 | Pos: LONG | Entry: $64,370.01 | PnL: +0.02% | Mode: PAPER
2026-08-18 03:17:45,838 - INFO - 📊 BTC/USDT:USDT @ $64,371.46 | 📈 RSI: 58.01 | Pos: LONG | Entry: $64,370.01 | PnL: +0.02% | Mode: PAPER
2026-08-18 03:17:56,091 - INFO - 📊 BTC/USDT:USDT @ $64,371.45 | 📈 RSI: 58.01 | Pos: LONG | Entry: $64,370.01 | PnL: +0.02% | Mode: PAPER
2026-08-18 03:18:06,266 - INFO - 📊 BTC/USDT:USDT @ $64,371.46 | 📈 RSI: 58.01 | Pos: LONG | Entry: $64,370.01 | PnL: +0.02% | Mode: PAPER
2026-08-18 03:18:16,489 - INFO - 📊 BTC/USDT:USDT @ $64,371.46 | 📈 RSI: 58.01 | Pos: LONG | Entry: $64,370.01 | PnL: +0.02% | Mode: PAPER
2026-08-18 03:18:26,717 - INFO - 📊 BTC/USDT:USDT @ $64,368.45 | 📈 RSI: 57.07 | Pos: LONG | Entry: $64,370.01 | PnL: -0.02% | Mode: PAPER
2026-08-18 03:18:36,903 - INFO - 📊 BTC/USDT:USDT @ $64,368.44 | 📈 RSI: 57.07 | Pos: LONG | Entry: $64,370.01 | PnL: -0.02% | Mode: PAPER
2026-08-18 03:18:47,073 - INFO - 📊 BTC/USDT:USDT @ $64,368.44 | 📈 RSI: 57.07 | Pos: LONG | Entry: $64,370.01 | PnL: -0.02% | Mode: PAPER
2026-08-18 03:18:57,291 - INFO - 📊 BTC/USDT:USDT @ $64,366.38 | 📈 RSI: 56.44 | Pos: LONG | Entry: $64,370.01 | PnL: -0.06% | Mode: PAPER
2026-08-18 03:19:07,465 - INFO - 📊 BTC/USDT:USDT @ $64,366.38 | 📈 RSI: 56.45 | Pos: LONG | Entry: $64,370.01 | PnL: -0.06% | Mode: PAPER
2026-08-18 03:19:17,717 - INFO - 📊 BTC/USDT:USDT @ $64,366.38 | 📈 RSI: 56.44 | Pos: LONG | Entry: $64,370.01 | PnL: -0.06% | Mode: PAPER
2026-08-18 03:19:27,989 - INFO - 📊 BTC/USDT:USDT @ $64,366.39 | 📈 RSI: 56.45 | Pos: LONG | Entry: $64,370.01 | PnL: -0.06% | Mode: PAPER
2026-08-18 03:19:38,155 - INFO - 📊 BTC/USDT:USDT @ $64,366.38 | 📈 RSI: 56.45 | Pos: LONG | Entry: $64,370.01 | PnL: -0.06% | Mode: PAPER
2026-08-18 03:19:48,344 - INFO - 📊 BTC/USDT:USDT @ $64,366.39 | 📈 RSI: 56.45 | Pos: LONG | Entry: $64,370.01 | PnL: -0.06% | Mode: PAPER
2026-08-18 03:19:58,592 - INFO - 📊 BTC/USDT:USDT @ $64,366.39 | 📈 RSI: 56.45 | Pos: LONG | Entry: $64,370.01 | PnL: -0.06% | Mode: PAPER
2026-08-18 03:20:08,768 - INFO - 📊 BTC/USDT:USDT @ $64,366.38 | 📈 RSI: 68.66 | Pos: LONG | Entry: $64,370.01 | PnL: -0.06% | Mode: PAPER
2026-08-18 03:20:18,947 - INFO - 📊 BTC/USDT:USDT @ $64,366.39 | 📈 RSI: 68.66 | Pos: LONG | Entry: $64,370.01 | PnL: -0.06% | Mode: PAPER
2026-08-18 03:20:29,216 - INFO - 📊 BTC/USDT:USDT @ $64,366.39 | 📈 RSI: 68.66 | Pos: LONG | Entry: $64,370.01 | PnL: -0.06% | Mode: PAPER
2026-08-18 03:20:39,442 - INFO - 📊 BTC/USDT:USDT @ $64,366.38 | 📈 RSI: 68.66 | Pos: LONG | Entry: $64,370.01 | PnL: -0.06% | Mode: PAPER
2026-08-18 03:20:49,676 - INFO - 📊 BTC/USDT:USDT @ $64,366.39 | 📈 RSI: 68.66 | Pos: LONG | Entry: $64,370.01 | PnL: -0.06% | Mode: PAPER
2026-08-18 03:20:59,838 - INFO - 📊 BTC/USDT:USDT @ $64,366.39 | 📈 RSI: 68.66 | Pos: LONG | Entry: $64,370.01 | PnL: -0.06% | Mode: PAPER
2026-08-18 03:21:10,015 - INFO - 📊 BTC/USDT:USDT @ $64,366.38 | 📈 RSI: 64.2 | Pos: LONG | Entry: $64,370.01 | PnL: -0.06% | Mode: PAPER
2026-08-18 03:21:20,379 - INFO - 📊 BTC/USDT:USDT @ $64,366.38 | 📈 RSI: 64.2 | Pos: LONG | Entry: $64,370.01 | PnL: -0.06% | Mode: PAPER
2026-08-18 03:21:30,607 - INFO - 📊 BTC/USDT:USDT @ $64,366.38 | 📈 RSI: 64.2 | Pos: LONG | Entry: $64,370.01 | PnL: -0.06% | Mode: PAPER
2026-08-18 03:21:40,801 - INFO - 📊 BTC/USDT:USDT @ $64,366.37 | 📈 RSI: 64.2 | Pos: LONG | Entry: $64,370.01 | PnL: -0.06% | Mode: PAPER
2026-08-18 03:21:51,042 - INFO - 📊 BTC/USDT:USDT @ $64,366.37 | 📈 RSI: 64.2 | Pos: LONG | Entry: $64,370.01 | PnL: -0.06% | Mode: PAPER
2026-08-18 03:22:01,226 - INFO - 📊 BTC/USDT:USDT @ $64,384.42 | 📈 RSI: 68.42 | Pos: LONG | Entry: $64,370.01 | PnL: +0.22% | Mode: PAPER
2026-08-18 03:22:11,421 - INFO - 📊 BTC/USDT:USDT @ $64,384.43 | 📈 RSI: 67.01 | Pos: LONG | Entry: $64,370.01 | PnL: +0.22% | Mode: PAPER
2026-08-18 03:22:21,678 - INFO - 📊 BTC/USDT:USDT @ $64,384.42 | 📈 RSI: 67.01 | Pos: LONG | Entry: $64,370.01 | PnL: +0.22% | Mode: PAPER
2026-08-18 03:22:31,859 - INFO - 📊 BTC/USDT:USDT @ $64,384.43 | 📈 RSI: 67.01 | Pos: LONG | Entry: $64,370.01 | PnL: +0.22% | Mode: PAPER
2026-08-18 03:22:42,093 - INFO - 📊 BTC/USDT:USDT @ $64,384.42 | 📈 RSI: 67.01 | Pos: LONG | Entry: $64,370.01 | PnL: +0.22% | Mode: PAPER
2026-08-18 03:22:52,381 - INFO - 📊 BTC/USDT:USDT @ $64,390.47 | 📈 RSI: 68.31 | Pos: LONG | Entry: $64,370.01 | PnL: +0.32% | Mode: PAPER
2026-08-18 03:23:02,540 - INFO - 📊 BTC/USDT:USDT @ $64,390.47 | 📈 RSI: 68.31 | Pos: LONG | Entry: $64,370.01 | PnL: +0.32% | Mode: PAPER
2026-08-18 03:23:12,788 - INFO - 📊 BTC/USDT:USDT @ $64,390.47 | 📈 RSI: 68.31 | Pos: LONG | Entry: $64,370.01 | PnL: +0.32% | Mode: PAPER
2026-08-18 03:23:23,095 - INFO - 📊 BTC/USDT:USDT @ $64,390.46 | 📈 RSI: 68.31 | Pos: LONG | Entry: $64,370.01 | PnL: +0.32% | Mode: PAPER
2026-08-18 03:23:33,259 - INFO - 📊 BTC/USDT:USDT @ $64,390.46 | 📈 RSI: 68.31 | Pos: LONG | Entry: $64,370.01 | PnL: +0.32% | Mode: PAPER
2026-08-18 03:23:43,536 - INFO - 📊 BTC/USDT:USDT @ $64,390.46 | 📈 RSI: 68.31 | Pos: LONG | Entry: $64,370.01 | PnL: +0.32% | Mode: PAPER
2026-08-18 03:23:53,803 - INFO - 📊 BTC/USDT:USDT @ $64,390.47 | 📈 RSI: 68.31 | Pos: LONG | Entry: $64,370.01 | PnL: +0.32% | Mode: PAPER
2026-08-18 03:24:03,986 - INFO - 📊 BTC/USDT:USDT @ $64,390.46 | 📈 RSI: 68.31 | Pos: LONG | Entry: $64,370.01 | PnL: +0.32% | Mode: PAPER
2026-08-18 03:24:14,238 - INFO - 📊 BTC/USDT:USDT @ $64,390.46 | 📈 RSI: 67.85 | Pos: LONG | Entry: $64,370.01 | PnL: +0.32% | Mode: PAPER
2026-08-18 03:24:24,430 - INFO - 📊 BTC/USDT:USDT @ $64,381.32 | 📈 RSI: 65.03 | Pos: LONG | Entry: $64,370.01 | PnL: +0.18% | Mode: PAPER
2026-08-18 03:24:34,607 - INFO - 📊 BTC/USDT:USDT @ $64,366.37 | 📈 RSI: 59.48 | Pos: LONG | Entry: $64,370.01 | PnL: -0.06% | Mode: PAPER
2026-08-18 03:24:44,876 - INFO - 📊 BTC/USDT:USDT @ $64,364.00 | 📈 RSI: 58.68 | Pos: LONG | Entry: $64,370.01 | PnL: -0.09% | Mode: PAPER
2026-08-18 03:24:55,094 - INFO - 📊 BTC/USDT:USDT @ $64,364.00 | 📈 RSI: 58.68 | Pos: LONG | Entry: $64,370.01 | PnL: -0.09% | Mode: PAPER
2026-08-18 03:25:05,285 - INFO - 📊 BTC/USDT:USDT @ $64,364.01 | 📈 RSI: 58.69 | Pos: LONG | Entry: $64,370.01 | PnL: -0.09% | Mode: PAPER
2026-08-18 03:25:15,534 - INFO - 📊 BTC/USDT:USDT @ $64,366.62 | 📈 RSI: 58.52 | Pos: LONG | Entry: $64,370.01 | PnL: -0.05% | Mode: PAPER
2026-08-18 03:25:25,792 - INFO - 📊 BTC/USDT:USDT @ $64,366.63 | 📈 RSI: 58.52 | Pos: LONG | Entry: $64,370.01 | PnL: -0.05% | Mode: PAPER
2026-08-18 03:25:35,980 - INFO - 📊 BTC/USDT:USDT @ $64,366.62 | 📈 RSI: 58.52 | Pos: LONG | Entry: $64,370.01 | PnL: -0.05% | Mode: PAPER
2026-08-18 03:25:46,237 - INFO - 📊 BTC/USDT:USDT @ $64,366.62 | 📈 RSI: 58.52 | Pos: LONG | Entry: $64,370.01 | PnL: -0.05% | Mode: PAPER
2026-08-18 03:25:56,485 - INFO - 📊 BTC/USDT:USDT @ $64,366.62 | 📈 RSI: 58.52 | Pos: LONG | Entry: $64,370.01 | PnL: -0.05% | Mode: PAPER
2026-08-18 03:26:06,757 - INFO - 📊 BTC/USDT:USDT @ $64,366.62 | 📈 RSI: 57.18 | Pos: LONG | Entry: $64,370.01 | PnL: -0.05% | Mode: PAPER
2026-08-18 03:26:16,932 - INFO - 📊 BTC/USDT:USDT @ $64,366.62 | 📈 RSI: 57.18 | Pos: LONG | Entry: $64,370.01 | PnL: -0.05% | Mode: PAPER
2026-08-18 03:26:27,166 - INFO - 📊 BTC/USDT:USDT @ $64,366.63 | 📈 RSI: 57.19 | Pos: LONG | Entry: $64,370.01 | PnL: -0.05% | Mode: PAPER
2026-08-18 03:26:37,372 - INFO - 📊 BTC/USDT:USDT @ $64,366.63 | 📈 RSI: 57.18 | Pos: LONG | Entry: $64,370.01 | PnL: -0.05% | Mode: PAPER
2026-08-18 03:26:47,578 - INFO - 📊 BTC/USDT:USDT @ $64,366.63 | 📈 RSI: 57.19 | Pos: LONG | Entry: $64,370.01 | PnL: -0.05% | Mode: PAPER
2026-08-18 03:26:57,860 - INFO - 📊 BTC/USDT:USDT @ $64,366.63 | 📈 RSI: 57.19 | Pos: LONG | Entry: $64,370.01 | PnL: -0.05% | Mode: PAPER
2026-08-18 03:27:08,066 - INFO - 📊 BTC/USDT:USDT @ $64,391.99 | 📈 RSI: 55.99 | Pos: LONG | Entry: $64,370.01 | PnL: +0.34% | Mode: PAPER
2026-08-18 03:27:18,238 - INFO - 📊 BTC/USDT:USDT @ $64,391.99 | 📈 RSI: 55.99 | Pos: LONG | Entry: $64,370.01 | PnL: +0.34% | Mode: PAPER
2026-08-18 03:27:28,474 - INFO - 📊 BTC/USDT:USDT @ $64,391.99 | 📈 RSI: 55.99 | Pos: LONG | Entry: $64,370.01 | PnL: +0.34% | Mode: PAPER
2026-08-18 03:27:38,655 - INFO - 📊 BTC/USDT:USDT @ $64,392.00 | 📈 RSI: 56.0 | Pos: LONG | Entry: $64,370.01 | PnL: +0.34% | Mode: PAPER
2026-08-18 03:27:48,982 - INFO - 📊 BTC/USDT:USDT @ $64,391.99 | 📈 RSI: 55.99 | Pos: LONG | Entry: $64,370.01 | PnL: +0.34% | Mode: PAPER
2026-08-18 03:27:59,222 - INFO - 📊 BTC/USDT:USDT @ $64,392.00 | 📈 RSI: 56.0 | Pos: LONG | Entry: $64,370.01 | PnL: +0.34% | Mode: PAPER
2026-08-18 03:28:09,464 - INFO - 📊 BTC/USDT:USDT @ $64,391.99 | 📈 RSI: 70.34 | Pos: LONG | Entry: $64,370.01 | PnL: +0.34% | Mode: PAPER
2026-08-18 03:28:19,764 - INFO - 📊 BTC/USDT:USDT @ $64,392.00 | 📈 RSI: 70.34 | Pos: LONG | Entry: $64,370.01 | PnL: +0.34% | Mode: PAPER
2026-08-18 03:28:30,009 - INFO - 📊 BTC/USDT:USDT @ $64,391.99 | 📈 RSI: 70.34 | Pos: LONG | Entry: $64,370.01 | PnL: +0.34% | Mode: PAPER
2026-08-18 03:28:40,238 - INFO - 📊 BTC/USDT:USDT @ $64,392.00 | 📈 RSI: 70.34 | Pos: LONG | Entry: $64,370.01 | PnL: +0.34% | Mode: PAPER
2026-08-18 03:28:50,459 - INFO - 📊 BTC/USDT:USDT @ $64,382.02 | 📈 RSI: 65.42 | Pos: LONG | Entry: $64,370.01 | PnL: +0.19% | Mode: PAPER
2026-08-18 03:29:00,683 - INFO - 📊 BTC/USDT:USDT @ $64,382.02 | 📈 RSI: 65.42 | Pos: LONG | Entry: $64,370.01 | PnL: +0.19% | Mode: PAPER
2026-08-18 03:29:10,906 - INFO - 📊 BTC/USDT:USDT @ $64,382.03 | 📈 RSI: 65.42 | Pos: LONG | Entry: $64,370.01 | PnL: +0.19% | Mode: PAPER
2026-08-18 03:29:21,114 - INFO - 📊 BTC/USDT:USDT @ $64,382.03 | 📈 RSI: 65.43 | Pos: LONG | Entry: $64,370.01 | PnL: +0.19% | Mode: PAPER
2026-08-18 03:29:31,330 - INFO - 📊 BTC/USDT:USDT @ $64,382.02 | 📈 RSI: 65.42 | Pos: LONG | Entry: $64,370.01 | PnL: +0.19% | Mode: PAPER
2026-08-18 03:29:41,549 - INFO - 📊 BTC/USDT:USDT @ $64,382.02 | 📈 RSI: 65.42 | Pos: LONG | Entry: $64,370.01 | PnL: +0.19% | Mode: PAPER
2026-08-18 03:29:51,768 - INFO - 📊 BTC/USDT:USDT @ $64,382.02 | 📈 RSI: 65.43 | Pos: LONG | Entry: $64,370.01 | PnL: +0.19% | Mode: PAPER
2026-08-18 03:30:02,174 - INFO - 📊 BTC/USDT:USDT @ $64,382.14 | 📈 RSI: 52.96 | Pos: LONG | Entry: $64,370.01 | PnL: +0.19% | Mode: PAPER
2026-08-18 03:30:12,394 - INFO - 📊 BTC/USDT:USDT @ $64,394.91 | 📈 RSI: 54.75 | Pos: LONG | Entry: $64,370.01 | PnL: +0.39% | Mode: PAPER
2026-08-18 03:30:22,625 - INFO - 📊 BTC/USDT:USDT @ $64,394.91 | 📈 RSI: 56.83 | Pos: LONG | Entry: $64,370.01 | PnL: +0.39% | Mode: PAPER
2026-08-18 03:30:32,824 - INFO - 📊 BTC/USDT:USDT @ $64,399.05 | 📈 RSI: 58.33 | Pos: LONG | Entry: $64,370.01 | PnL: +0.45% | Mode: PAPER
2026-08-18 03:30:43,093 - INFO - 📊 BTC/USDT:USDT @ $64,399.05 | 📈 RSI: 58.34 | Pos: LONG | Entry: $64,370.01 | PnL: +0.45% | Mode: PAPER
2026-08-18 03:30:53,266 - INFO - 📊 BTC/USDT:USDT @ $64,399.04 | 📈 RSI: 58.33 | Pos: LONG | Entry: $64,370.01 | PnL: +0.45% | Mode: PAPER
2026-08-18 03:31:03,513 - INFO - 📊 BTC/USDT:USDT @ $64,399.05 | 📈 RSI: 62.48 | Pos: LONG | Entry: $64,370.01 | PnL: +0.45% | Mode: PAPER
2026-08-18 03:31:13,827 - INFO - 📊 BTC/USDT:USDT @ $64,399.05 | 📈 RSI: 62.48 | Pos: LONG | Entry: $64,370.01 | PnL: +0.45% | Mode: PAPER
2026-08-18 03:31:24,023 - INFO - 📊 BTC/USDT:USDT @ $64,399.05 | 📈 RSI: 62.48 | Pos: LONG | Entry: $64,370.01 | PnL: +0.45% | Mode: PAPER
2026-08-18 03:31:34,258 - INFO - 📊 BTC/USDT:USDT @ $64,399.04 | 📈 RSI: 62.48 | Pos: LONG | Entry: $64,370.01 | PnL: +0.45% | Mode: PAPER
2026-08-18 03:31:44,475 - INFO - 📊 BTC/USDT:USDT @ $64,399.04 | 📈 RSI: 62.48 | Pos: LONG | Entry: $64,370.01 | PnL: +0.45% | Mode: PAPER
2026-08-18 03:31:54,630 - INFO - 📊 BTC/USDT:USDT @ $64,399.05 | 📈 RSI: 62.48 | Pos: LONG | Entry: $64,370.01 | PnL: +0.45% | Mode: PAPER
2026-08-18 03:32:04,878 - INFO - 📊 BTC/USDT:USDT @ $64,399.05 | 📈 RSI: 65.48 | Pos: LONG | Entry: $64,370.01 | PnL: +0.45% | Mode: PAPER
2026-08-18 03:32:15,132 - INFO - 📊 BTC/USDT:USDT @ $64,406.00 | 📈 RSI: 67.61 | Pos: LONG | Entry: $64,370.01 | PnL: +0.56% | Mode: PAPER
2026-08-18 03:32:25,359 - INFO - 📊 BTC/USDT:USDT @ $64,415.99 | 📈 RSI: 70.25 | Pos: LONG | Entry: $64,370.01 | PnL: +0.71% | Mode: PAPER
2026-08-18 03:32:35,661 - INFO - 📊 BTC/USDT:USDT @ $64,416.00 | 📈 RSI: 70.25 | Pos: LONG | Entry: $64,370.01 | PnL: +0.71% | Mode: PAPER
2026-08-18 03:32:45,873 - INFO - 📊 BTC/USDT:USDT @ $64,416.00 | 📈 RSI: 70.25 | Pos: LONG | Entry: $64,370.01 | PnL: +0.71% | Mode: PAPER
2026-08-18 03:32:56,140 - INFO - 📊 BTC/USDT:USDT @ $64,400.01 | 📈 RSI: 65.79 | Pos: LONG | Entry: $64,370.01 | PnL: +0.47% | Mode: PAPER
2026-08-18 03:33:06,378 - INFO - 📊 BTC/USDT:USDT @ $64,395.61 | 📈 RSI: 63.41 | Pos: LONG | Entry: $64,370.01 | PnL: +0.40% | Mode: PAPER
2026-08-18 03:33:16,568 - INFO - 📊 BTC/USDT:USDT @ $64,370.73 | 📈 RSI: 55.99 | Pos: LONG | Entry: $64,370.01 | PnL: +0.01% | Mode: PAPER
2026-08-18 03:33:26,787 - INFO - 📊 BTC/USDT:USDT @ $64,374.00 | 📈 RSI: 52.91 | Pos: LONG | Entry: $64,370.01 | PnL: +0.06% | Mode: PAPER
2026-08-18 03:33:37,019 - INFO - 📊 BTC/USDT:USDT @ $64,373.99 | 📈 RSI: 52.91 | Pos: LONG | Entry: $64,370.01 | PnL: +0.06% | Mode: PAPER
2026-08-18 03:33:47,273 - INFO - 📊 BTC/USDT:USDT @ $64,373.99 | 📈 RSI: 52.91 | Pos: LONG | Entry: $64,370.01 | PnL: +0.06% | Mode: PAPER
2026-08-18 03:33:57,503 - INFO - 📊 BTC/USDT:USDT @ $64,364.01 | 📈 RSI: 49.15 | Pos: LONG | Entry: $64,370.01 | PnL: -0.09% | Mode: PAPER
2026-08-18 03:34:07,747 - INFO - 📊 BTC/USDT:USDT @ $64,365.99 | 📈 RSI: 49.86 | Pos: LONG | Entry: $64,370.01 | PnL: -0.06% | Mode: PAPER
2026-08-18 03:34:17,996 - INFO - 📊 BTC/USDT:USDT @ $64,366.00 | 📈 RSI: 49.86 | Pos: LONG | Entry: $64,370.01 | PnL: -0.06% | Mode: PAPER
2026-08-18 03:34:28,182 - INFO - 📊 BTC/USDT:USDT @ $64,382.69 | 📈 RSI: 55.12 | Pos: LONG | Entry: $64,370.01 | PnL: +0.20% | Mode: PAPER
2026-08-18 03:34:38,406 - INFO - 📊 BTC/USDT:USDT @ $64,385.36 | 📈 RSI: 55.86 | Pos: LONG | Entry: $64,370.01 | PnL: +0.24% | Mode: PAPER
2026-08-18 03:34:48,619 - INFO - 📊 BTC/USDT:USDT @ $64,374.51 | 📈 RSI: 52.69 | Pos: LONG | Entry: $64,370.01 | PnL: +0.07% | Mode: PAPER
2026-08-18 03:34:58,805 - INFO - 📊 BTC/USDT:USDT @ $64,370.12 | 📈 RSI: 51.27 | Pos: LONG | Entry: $64,370.01 | PnL: +0.00% | Mode: PAPER
2026-08-18 03:35:09,040 - INFO - 📊 BTC/USDT:USDT @ $64,366.11 | 📈 RSI: 43.1 | Pos: LONG | Entry: $64,370.01 | PnL: -0.06% | Mode: PAPER
2026-08-18 03:35:19,345 - INFO - 📊 BTC/USDT:USDT @ $64,366.11 | 📈 RSI: 43.1 | Pos: LONG | Entry: $64,370.01 | PnL: -0.06% | Mode: PAPER
2026-08-18 03:35:29,529 - INFO - 📊 BTC/USDT:USDT @ $64,366.11 | 📈 RSI: 43.1 | Pos: LONG | Entry: $64,370.01 | PnL: -0.06% | Mode: PAPER
2026-08-18 03:35:39,807 - INFO - 📊 BTC/USDT:USDT @ $64,366.11 | 📈 RSI: 43.1 | Pos: LONG | Entry: $64,370.01 | PnL: -0.06% | Mode: PAPER
2026-08-18 03:35:50,049 - INFO - 📊 BTC/USDT:USDT @ $64,366.11 | 📈 RSI: 43.1 | Pos: LONG | Entry: $64,370.01 | PnL: -0.06% | Mode: PAPER
2026-08-18 03:36:00,229 - INFO - 📊 BTC/USDT:USDT @ $64,348.66 | 📈 RSI: 38.09 | Pos: LONG | Entry: $64,370.01 | PnL: -0.33% | Mode: PAPER
2026-08-18 03:36:10,448 - INFO - 📊 BTC/USDT:USDT @ $64,341.08 | 📈 RSI: 33.71 | Pos: LONG | Entry: $64,370.01 | PnL: -0.45% | Mode: PAPER
2026-08-18 03:36:20,666 - INFO - 📊 BTC/USDT:USDT @ $64,351.16 | 📈 RSI: 36.59 | Pos: LONG | Entry: $64,370.01 | PnL: -0.29% | Mode: PAPER
2026-08-18 03:36:30,818 - INFO - 📊 BTC/USDT:USDT @ $64,353.90 | 📈 RSI: 37.75 | Pos: LONG | Entry: $64,370.01 | PnL: -0.25% | Mode: PAPER
2026-08-18 03:36:41,084 - INFO - 📊 BTC/USDT:USDT @ $64,359.31 | 📈 RSI: 39.93 | Pos: LONG | Entry: $64,370.01 | PnL: -0.17% | Mode: PAPER
2026-08-18 03:36:51,311 - INFO - 📊 BTC/USDT:USDT @ $64,356.01 | 📈 RSI: 38.62 | Pos: LONG | Entry: $64,370.01 | PnL: -0.22% | Mode: PAPER
2026-08-18 03:37:01,515 - INFO - 📊 BTC/USDT:USDT @ $64,350.51 | 📈 RSI: 36.31 | Pos: LONG | Entry: $64,370.01 | PnL: -0.30% | Mode: PAPER
2026-08-18 03:37:11,740 - INFO - 📊 BTC/USDT:USDT @ $64,348.65 | 📈 RSI: 35.85 | Pos: LONG | Entry: $64,370.01 | PnL: -0.33% | Mode: PAPER
2026-08-18 03:37:21,968 - INFO - 📊 BTC/USDT:USDT @ $64,348.65 | 📈 RSI: 35.85 | Pos: LONG | Entry: $64,370.01 | PnL: -0.33% | Mode: PAPER
2026-08-18 03:37:32,185 - INFO - 📊 BTC/USDT:USDT @ $64,348.65 | 📈 RSI: 35.85 | Pos: LONG | Entry: $64,370.01 | PnL: -0.33% | Mode: PAPER
2026-08-18 03:37:42,429 - INFO - 📊 BTC/USDT:USDT @ $64,348.66 | 📈 RSI: 35.86 | Pos: LONG | Entry: $64,370.01 | PnL: -0.33% | Mode: PAPER
2026-08-18 03:37:52,714 - INFO - 📊 BTC/USDT:USDT @ $64,348.65 | 📈 RSI: 35.86 | Pos: LONG | Entry: $64,370.01 | PnL: -0.33% | Mode: PAPER
2026-08-18 03:38:02,876 - INFO - 📊 BTC/USDT:USDT @ $64,348.65 | 📈 RSI: 35.86 | Pos: LONG | Entry: $64,370.01 | PnL: -0.33% | Mode: PAPER
2026-08-18 03:38:13,150 - INFO - 📊 BTC/USDT:USDT @ $64,348.65 | 📈 RSI: 43.67 | Pos: LONG | Entry: $64,370.01 | PnL: -0.33% | Mode: PAPER
2026-08-18 03:38:23,424 - INFO - 📊 BTC/USDT:USDT @ $64,343.83 | 📈 RSI: 42.0 | Pos: LONG | Entry: $64,370.01 | PnL: -0.41% | Mode: PAPER
2026-08-18 03:38:33,614 - INFO - 📊 BTC/USDT:USDT @ $64,343.83 | 📈 RSI: 42.0 | Pos: LONG | Entry: $64,370.01 | PnL: -0.41% | Mode: PAPER
2026-08-18 03:38:44,080 - INFO - 📊 BTC/USDT:USDT @ $64,343.84 | 📈 RSI: 42.0 | Pos: LONG | Entry: $64,370.01 | PnL: -0.41% | Mode: PAPER
2026-08-18 03:38:54,295 - INFO - 📊 BTC/USDT:USDT @ $64,332.01 | 📈 RSI: 38.4 | Pos: LONG | Entry: $64,370.01 | PnL: -0.59% | Mode: PAPER
2026-08-18 03:39:04,463 - INFO - 📊 BTC/USDT:USDT @ $64,332.00 | 📈 RSI: 38.4 | Pos: LONG | Entry: $64,370.01 | PnL: -0.59% | Mode: PAPER
2026-08-18 03:39:14,765 - INFO - 📊 BTC/USDT:USDT @ $64,332.01 | 📈 RSI: 37.22 | Pos: LONG | Entry: $64,370.01 | PnL: -0.59% | Mode: PAPER
2026-08-18 03:39:25,007 - INFO - 📊 BTC/USDT:USDT @ $64,343.64 | 📈 RSI: 42.18 | Pos: LONG | Entry: $64,370.01 | PnL: -0.41% | Mode: PAPER
2026-08-18 03:39:35,171 - INFO - 📊 BTC/USDT:USDT @ $64,343.64 | 📈 RSI: 42.19 | Pos: LONG | Entry: $64,370.01 | PnL: -0.41% | Mode: PAPER
2026-08-18 03:39:45,419 - INFO - 📊 BTC/USDT:USDT @ $64,327.71 | 📈 RSI: 36.07 | Pos: LONG | Entry: $64,370.01 | PnL: -0.66% | Mode: PAPER
2026-08-18 03:39:55,645 - INFO - 📊 BTC/USDT:USDT @ $64,327.71 | 📈 RSI: 36.07 | Pos: LONG | Entry: $64,370.01 | PnL: -0.66% | Mode: PAPER
2026-08-18 03:40:05,858 - INFO - 📊 BTC/USDT:USDT @ $64,324.01 | 📈 RSI: 35.25 | Pos: LONG | Entry: $64,370.01 | PnL: -0.71% | Mode: PAPER
